[33mΓ¥»[39m Building...
[32mΓ£ö[39m Building...
[1mInitial chunk files[22m[2m | [22m[1mNames[22m              [2m | [22m [1mRaw size[22m[2m | [22m[1mEstimated transfer size[22m
[32mchunk-NVQNXXYR.js[39m  [2m | [22m[2m-[22m                  [2m | [22m[36m184.34 kB[39m[2m | [22m               [36m44.12 kB[39m
[32mchunk-T6R4S6PT.js[39m  [2m | [22m[2m-[22m                  [2m | [22m[36m142.17 kB[39m[2m | [22m               [36m41.85 kB[39m
[32mmain-7FIF7X2E.js[39m   [2m | [22m[2mmain[22m               [2m | [22m[36m717 bytes[39m[2m | [22m              [36m717 bytes[39m
[32mstyles-HU2WO3XS.css[39m[2m | [22m[2mstyles[22m             [2m | [22m[36m559 bytes[39m[2m | [22m              [36m559 bytes[39m

[1m [22m                  [2m | [22m[1mInitial total[22m      [2m | [22m[1m327.79 kB[22m[2m | [22m               [1m87.24 kB[22m

[1mLazy chunk files[22m   [2m | [22m[1mNames[22m              [2m | [22m [1mRaw size[22m[2m | [22m[1mEstimated transfer size[22m
[32mchunk-FCJEGVLG.js[39m  [2m | [22m[2missuance-management[22m[2m | [22m [36m48.64 kB[39m[2m | [22m                [36m9.48 kB[39m
[32mchunk-D4AP7QUT.js[39m  [2m | [22m[2mdashboard[22m          [2m | [22m[36m618 bytes[39m[2m | [22m              [36m618 bytes[39m
[32mchunk-TN4YDYQL.js[39m  [2m | [22m[2mcheck-processing[22m   [2m | [22m[36m437 bytes[39m[2m | [22m              [36m437 bytes[39m
[32mchunk-UMSAHLU2.js[39m  [2m | [22m[2madministration[22m     [2m | [22m[36m430 bytes[39m[2m | [22m              [36m430 bytes[39m
[32mchunk-MCUMRJYC.js[39m  [2m | [22m[2mstop-payments[22m      [2m | [22m[36m425 bytes[39m[2m | [22m              [36m425 bytes[39m

Application bundle generation failed. [2.229 seconds] - 2026-03-13T21:42:42.138Z

node.exe : [1m[33m[33mΓû▓ [43;33m[[43;30mWARNING[43;33m][0m 
[1msrc/app/app.css exceeded maximum budget. Budget 4.00 kB was not met 
by 663 bytes with a total of 4.66 kB.[0m
At line:1 char:1
+ & "C:\Program Files\nodejs/node.exe" "C:\Users\kesha\AppData\Roaming\ 
...
+ ~~~~~~~~~~~~~~~~~~~~~~~~~~~~~~~~~~~~~~~~~~~~~~~~~~~~~~~~~~~~~~~~~~~~~
    + CategoryInfo          : NotSpecified: ([1m[33m[33mΓ...of 4.66 kB 
   .[0m:String) [], RemoteException
    + FullyQualifiedErrorId : NativeCommandError
 


[33mΓû▓ [43;33m[[43;30mWARNING[43;33m][0m 
[1msrc/app/pages/issuance-management/issuance-management.css exceeded 
maximum budget. Budget 4.00 kB was not met by 4.96 kB with a total of 
8.96 kB.[0m

[39m[22m
[1m[31m[31mX [41;31m[[41;97mERROR[41;31m][0m 
[1msrc/app/pages/issuance-management/issuance-management.css exceeded 
maximum budget. Budget 8.00 kB was not met by 960 bytes with a total of 
8.96 kB.[0m

[39m[22m
